1..109
ok 1 Subtitiling 
ok 2 NetworkName 
ok 3 ServiceList 
ok 4 ServiceList2 
ok 5 Service 
ok 6 ShortEvent 
ok 7 ShortEvent2 
ok 8 ShortEvent3 
ok 9 ShortEvent4 
ok 10 ExtendedEvent 
ok 11 ExtendedEvent2 
ok 12 ExtendedEvent3 
ok 13 ExtendedEvent4 
ok 14 ParentalRating 
ok 15 ParentalRating2 
ok 16 LocalTimeOffset 
ok 17 SatelliteDeliverySystem 
ok 18 CableDeliverySystem 
ok 19 TerrestrialDeliverySystem 
ok 20 BouquetName 
ok 21 CountryAvailabilityName 
ok 22 CountryAvailabilityName2 
ok 23 Linkage 
ok 24 Linkage2 
ok 25 Linkage3 
ok 26 Linkage4 
ok 27 Component 
ok 28 Component2 
ok 29 TimeShiftedService 
ok 30 TimeShiftedEvent 
ok 31 StreamIdentifier 
ok 32 CaIdentifier 
ok 33 CaIdentifier2 
ok 34 Content 
ok 35 Content2 
ok 36 PrivateDataSpecifier 
ok 37 ServiceMove 
ok 38 FrequencyList 
ok 39 FrequencyList2 
ok 40 PartialTransportStream 
ok 41 NvodReference 
ok 42 NvodReference2 
ok 43 Teletext 
ok 44 Teletext2 
ok 45 MultilingualNetworkName 
ok 46 MultilingualNetworkName2 
ok 47 MultilingualBouquetName 
ok 48 MultilingualBouquetName2 
ok 49 MultilingualServiceName 
ok 50 MultilingualServiceName2 
ok 51 Mosaic 
ok 52 Telephone 
ok 53 MultilingualComponent 
ok 54 MultilingualComponent2 
ok 55 Pdc 
ok 56 AncillaryData 
ok 57 ShortSmoothingBuffer 
ok 58 DataBroadcast 
ok 59 DataBroadcastId 
ok 60 DataBroadcastIdStuff 
ok 61 Ac3 
ok 62 EnhancedAc3 
ok 63 Aac 
ok 64 Aac2 
ok 65 VideoStream1 
ok 66 VideoStream2 
ok 67 AudioStream 
ok 68 Hierarchy 
ok 69 Registration 
ok 70 DataStreamAlignment 
ok 71 TargetBackgroundGrid 
ok 72 VideoWindow 
ok 73 ConditionalAccess 
ok 74 ConditionalAccessStuff1 
ok 75 ConditionalAccessStuff2 
ok 76 Iso639Language 
ok 77 SystemClock 
ok 78 MultiplexBufferUtilization 
ok 79 Copyright 
ok 80 CopyrightStuff 
ok 81 CopyrightStuff2 
ok 82 MaximumBitrate 
ok 83 PrivateDataIndicator 
ok 84 SmoothingBuffer 
ok 85 Std 
ok 86 AvcVideo 
ok 87 CellList 
ok 88 S2SatelliteDeliverySystem 
ok 89 DefaultAuthority 
ok 90 DefaultAuthorityStuff 
ok 91 ContentIdentifier 
ok 92 RelatedContent 
ok 93 FtaContentManagement 
ok 94 CarouselIdentifier1 
ok 95 CarouselIdentifierStuff1 
ok 96 CarouselIdentifier2 
ok 97 CarouselIdentifierStuff2 
ok 98 CarouselIdentifierStuff3 
ok 99 AssociationTag 
ok 100 AssociationTagStuff 
ok 101 AssociationTag2 
ok 102 AssociationTagStuff2 
ok 103 AssociationTag3 
ok 104 AssociationTagStuff3 
ok 105 DeferredAssociationTag 
ok 106 DeferredAssociationTagStuff 
ok 107 ApplicationSignalling 
ok 108 Extension 
ok 109 ExtensionStuff 
